
Merging object attributes


Merging program properties

Removed property 0xc0000002 to merge /lib/x86_64-linux-gnu/Scrt1.o (0x3) and build/dummy.o (not found)
Removed property 0xc0000002 to merge /lib/x86_64-linux-gnu/Scrt1.o (not found) and /usr/lib/gcc/x86_64-linux-gnu/15/crtendS.o (0x3)
Removed property 0xc0000002 to merge /lib/x86_64-linux-gnu/Scrt1.o (not found) and /lib/x86_64-linux-gnu/crtn.o (0x3)

Discarded input sections

 .data          0x0000000000000000        0x4 /lib/x86_64-linux-gnu/Scrt1.o
 .bss           0x0000000000000000        0x0 /lib/x86_64-linux-gnu/Scrt1.o
 .rodata.cst4   0x0000000000000000        0x4 /lib/x86_64-linux-gnu/Scrt1.o
 .text          0x0000000000000000        0x0 /lib/x86_64-linux-gnu/crti.o
 .data          0x0000000000000000        0x0 /lib/x86_64-linux-gnu/crti.o
 .bss           0x0000000000000000        0x0 /lib/x86_64-linux-gnu/crti.o
 .note.gnu.property
                0x0000000000000000       0x20 /lib/x86_64-linux-gnu/crti.o
 .data          0x0000000000000000        0x0 /usr/lib/gcc/x86_64-linux-gnu/15/crtbeginS.o
 .note.gnu.property
                0x0000000000000000       0x20 /usr/lib/gcc/x86_64-linux-gnu/15/crtbeginS.o
 .text          0x0000000000000000        0x1 build/dummy.o
 .llvm_addrsig  0x0000000000000000        0x0 build/dummy.o
 .llvm_addrsig  0x0000000000000000        0xd build/am_map.o
 .text          0x0000000000000000        0x0 build/doomdef.o
 .comment       0x0000000000000000       0x28 build/doomdef.o
 .note.GNU-stack
                0x0000000000000000        0x0 build/doomdef.o
 .llvm_addrsig  0x0000000000000000        0x0 build/doomdef.o
 .text          0x0000000000000000        0x0 build/doomstat.o
 .llvm_addrsig  0x0000000000000000        0x0 build/doomstat.o
 .text          0x0000000000000000        0x0 build/dstrings.o
 .llvm_addrsig  0x0000000000000000        0x0 build/dstrings.o
 .llvm_addrsig  0x0000000000000000        0x1 build/d_event.o
 .text          0x0000000000000000        0x0 build/d_items.o
 .llvm_addrsig  0x0000000000000000        0x0 build/d_items.o
 .llvm_addrsig  0x0000000000000000        0x1 build/d_iwad.o
 .llvm_addrsig  0x0000000000000000        0x2 build/d_loop.o
 .llvm_addrsig  0x0000000000000000       0x23 build/d_main.o
 .llvm_addrsig  0x0000000000000000        0x0 build/d_mode.o
 .llvm_addrsig  0x0000000000000000        0x6 build/d_net.o
 .llvm_addrsig  0x0000000000000000        0x1 build/f_finale.o
 .llvm_addrsig  0x0000000000000000        0x6 build/f_wipe.o
 .llvm_addrsig  0x0000000000000000       0x1c build/g_game.o
 .llvm_addrsig  0x0000000000000000        0x0 build/hu_lib.o
 .llvm_addrsig  0x0000000000000000        0xa build/hu_stuff.o
 .text          0x0000000000000000        0x0 build/info.o
 .llvm_addrsig  0x0000000000000000       0x4a build/info.o
 .text          0x0000000000000000       0x23 build/i_cdmus.o
 .bss           0x0000000000000000        0x4 build/i_cdmus.o
 .llvm_addrsig  0x0000000000000000        0x0 build/i_cdmus.o
 .llvm_addrsig  0x0000000000000000        0x0 build/i_endoom.o
 .llvm_addrsig  0x0000000000000000        0x9 build/i_joystick.o
 .text          0x0000000000000000     0x2358 build/i_scale.o
 .bss           0x0000000000000000       0x38 build/i_scale.o
 .data          0x0000000000000000      0x1e0 build/i_scale.o
 .rodata.str1.1
                0x0000000000000000       0xcb build/i_scale.o
 .llvm_addrsig  0x0000000000000000       0x11 build/i_scale.o
 .llvm_addrsig  0x0000000000000000        0xa build/i_sound.o
 .llvm_addrsig  0x0000000000000000        0x4 build/i_system.o
 .llvm_addrsig  0x0000000000000000        0x0 build/i_timer.o
 .text          0x0000000000000000      0x206 build/memio.o
 .rodata.str1.1
                0x0000000000000000       0x27 build/memio.o
 .llvm_addrsig  0x0000000000000000        0x0 build/memio.o
 .llvm_addrsig  0x0000000000000000        0x0 build/m_argv.o
 .llvm_addrsig  0x0000000000000000        0x0 build/m_bbox.o
 .llvm_addrsig  0x0000000000000000        0x0 build/m_cheat.o
 .llvm_addrsig  0x0000000000000000        0x4 build/m_config.o
 .llvm_addrsig  0x0000000000000000       0xd8 build/m_controls.o
 .llvm_addrsig  0x0000000000000000        0x0 build/m_fixed.o
 .llvm_addrsig  0x0000000000000000       0x59 build/m_menu.o
 .llvm_addrsig  0x0000000000000000        0x0 build/m_misc.o
 .llvm_addrsig  0x0000000000000000        0x0 build/m_random.o
 .llvm_addrsig  0x0000000000000000        0x1 build/p_ceilng.o
 .llvm_addrsig  0x0000000000000000        0x2 build/p_doors.o
 .llvm_addrsig  0x0000000000000000        0x3 build/p_enemy.o
 .llvm_addrsig  0x0000000000000000        0x1 build/p_floor.o
 .llvm_addrsig  0x0000000000000000        0x2 build/p_inter.o
 .llvm_addrsig  0x0000000000000000        0x4 build/p_lights.o
 .llvm_addrsig  0x0000000000000000        0xb build/p_map.o
 .llvm_addrsig  0x0000000000000000        0xe build/p_maputl.o
 .llvm_addrsig  0x0000000000000000        0x6 build/p_mobj.o
[...]
Memory Configuration

Name             Origin             Length             Attributes
*default*        0x0000000000000000 0xffffffffffffffff

Linker script and memory map

LOAD /lib/x86_64-linux-gnu/Scrt1.o
LOAD /lib/x86_64-linux-gnu/crti.o
LOAD /usr/lib/gcc/x86_64-linux-gnu/15/crtbeginS.o
LOAD build/dummy.o
LOAD build/am_map.o
LOAD build/doomdef.o
LOAD build/doomstat.o
LOAD build/dstrings.o
LOAD build/d_event.o
LOAD build/d_items.o
LOAD build/d_iwad.o
LOAD build/d_loop.o
LOAD build/d_main.o
LOAD build/d_mode.o
LOAD build/d_net.o
LOAD build/f_finale.o
LOAD build/f_wipe.o
LOAD build/g_game.o
LOAD build/hu_lib.o
LOAD build/hu_stuff.o
LOAD build/info.o
LOAD build/i_cdmus.o
LOAD build/i_endoom.o
LOAD build/i_joystick.o
LOAD build/i_scale.o
LOAD build/i_sound.o
LOAD build/i_system.o
LOAD build/i_timer.o
LOAD build/memio.o
LOAD build/m_argv.o
LOAD build/m_bbox.o
LOAD build/m_cheat.o
LOAD build/m_config.o
LOAD build/m_controls.o
LOAD build/m_fixed.o
LOAD build/m_menu.o
LOAD build/m_misc.o
LOAD build/m_random.o
LOAD build/p_ceilng.o
LOAD build/p_doors.o
LOAD build/p_enemy.o
LOAD build/p_floor.o
LOAD build/p_inter.o
LOAD build/p_lights.o
LOAD build/p_map.o
LOAD build/p_maputl.o
LOAD build/p_mobj.o
LOAD build/p_plats.o
LOAD build/p_pspr.o
LOAD build/p_saveg.o
LOAD build/p_setup.o
LOAD build/p_sight.o
LOAD build/p_spec.o
LOAD build/p_switch.o
LOAD build/p_telept.o
LOAD build/p_tick.o
LOAD build/p_user.o
LOAD build/r_bsp.o
LOAD build/r_data.o
LOAD build/r_draw.o
LOAD build/r_main.o
LOAD build/r_plane.o
LOAD build/r_segs.o
LOAD build/r_sky.o
LOAD build/r_things.o
LOAD build/sha1.o
LOAD build/sounds.o
LOAD build/statdump.o
LOAD build/st_lib.o
LOAD build/st_stuff.o
LOAD build/s_sound.o
LOAD build/tables.o
LOAD build/v_video.o
LOAD build/wi_stuff.o
LOAD build/w_checksum.o
LOAD build/w_file.o
LOAD build/w_main.o
LOAD build/w_wad.o
LOAD build/z_zone.o
LOAD build/w_file_stdc.o
LOAD build/i_input.o
LOAD build/i_video.o
LOAD build/doomgeneric.o
LOAD build/doomgeneric_xlib.o
LOAD /lib/x86_64-linux-gnu/libm.so
START GROUP
LOAD /usr/lib/x86_64-linux-gnu/libm.so.6
LOAD /usr/lib/x86_64-linux-gnu/libmvec.so.1
END GROUP
LOAD /lib/x86_64-linux-gnu/libc.so
START GROUP
LOAD /usr/lib/x86_64-linux-gnu/libc.so.6
LOAD /usr/lib/x86_64-linux-gnu/libc_nonshared.a
LOAD /lib64/ld-linux-x86-64.so.2
END GROUP
LOAD /lib/x86_64-linux-gnu/libX11.so
LOAD /usr/lib/gcc/x86_64-linux-gnu/15/libgcc.a
LOAD /usr/lib/gcc/x86_64-linux-gnu/15/libgcc_s.so
START GROUP
LOAD /lib/x86_64-linux-gnu/libgcc_s.so.1
LOAD /usr/lib/gcc/x86_64-linux-gnu/15/libgcc.a
END GROUP
LOAD /lib/x86_64-linux-gnu/libc.so
START GROUP
LOAD /usr/lib/x86_64-linux-gnu/libc.so.6
LOAD /usr/lib/x86_64-linux-gnu/libc_nonshared.a
LOAD /lib64/ld-linux-x86-64.so.2
END GROUP
LOAD /usr/lib/gcc/x86_64-linux-gnu/15/libgcc.a
LOAD /usr/lib/gcc/x86_64-linux-gnu/15/libgcc_s.so
START GROUP
LOAD /lib/x86_64-linux-gnu/libgcc_s.so.1
LOAD /usr/lib/gcc/x86_64-linux-gnu/15/libgcc.a
END GROUP
LOAD /usr/lib/gcc/x86_64-linux-gnu/15/crtendS.o
LOAD /lib/x86_64-linux-gnu/crtn.o
                [!provide]                        PROVIDE (__executable_start = SEGMENT_START ("text-segment", 0x0))
                0x0000000000000350                . = (SEGMENT_START ("text-segment", 0x0) + SIZEOF_HEADERS)

.note.gnu.build-id
                0x0000000000000350       0x24
 *(.note.gnu.build-id)
 .note.gnu.build-id
                0x0000000000000350       0x24 /lib/x86_64-linux-gnu/Scrt1.o

.interp         0x0000000000000374       0x1c
 *(.interp)
 .interp        0x0000000000000374       0x1c /lib/x86_64-linux-gnu/Scrt1.o

.hash
 *(.hash)

.gnu.hash       0x0000000000000390       0x24
 *(.gnu.hash)
 .gnu.hash      0x0000000000000390       0x24 /lib/x86_64-linux-gnu/Scrt1.o

.dynsym         0x00000000000003b8      0x600
 *(.dynsym)
 .dynsym        0x00000000000003b8      0x600 /lib/x86_64-linux-gnu/Scrt1.o

.dynstr         0x00000000000009b8      0x2ca
 *(.dynstr)
 .dynstr        0x00000000000009b8      0x2ca /lib/x86_64-linux-gnu/Scrt1.o

.gnu.version    0x0000000000000c82       0x80
 *(.gnu.version)
 .gnu.version   0x0000000000000c82       0x80 /lib/x86_64-linux-gnu/Scrt1.o

.gnu.version_d  0x0000000000000d08        0x0
 *(.gnu.version_d)
 .gnu.version_d
                0x0000000000000d08        0x0 /lib/x86_64-linux-gnu/Scrt1.o

.gnu.version_r  0x0000000000000d08       0x60
 *(.gnu.version_r)
 .gnu.version_r
                0x0000000000000d08       0x60 /lib/x86_64-linux-gnu/Scrt1.o

.rela.dyn       0x0000000000000d68     0x76b0
 *(.rela.init)
 *(.rela.text .rela.text.* .rela.gnu.linkonce.t.*)
 *(.rela.fini)
 *(.rela.rodata .rela.rodata.* .rela.gnu.linkonce.r.*)
 *(.rela.data .rela.data.* .rela.gnu.linkonce.d.*)
 .rela.data.rel.ro
                0x0000000000000d68      0x780 /lib/x86_64-linux-gnu/Scrt1.o
 .rela.data.rel.local
                0x00000000000014e8       0x18 /lib/x86_64-linux-gnu/Scrt1.o
 .rela.data     0x0000000000001500     0x6c90 /lib/x86_64-linux-gnu/Scrt1.o
 *(.rela.tdata .rela.tdata.* .rela.gnu.linkonce.td.*)
 *(.rela.tbss .rela.tbss.* .rela.gnu.linkonce.tb.*)
 *(.rela.ctors)
 *(.rela.dtors)
 *(.rela.got)
 .rela.got      0x0000000000008190      0x258 /lib/x86_64-linux-gnu/Scrt1.o
 *(.rela.tls)
 .rela.tls      0x00000000000083e8        0x0 /lib/x86_64-linux-gnu/Scrt1.o
 *(.rela.bss .rela.bss.* .rela.gnu.linkonce.b.*)
 .rela.bss      0x00000000000083e8        0x0 /lib/x86_64-linux-gnu/Scrt1.o
 *(.rela.ldata .rela.ldata.* .rela.gnu.linkonce.l.*)
 *(.rela.lbss .rela.lbss.* .rela.gnu.linkonce.lb.*)
 *(.rela.lrodata .rela.lrodata.* .rela.gnu.linkonce.lr.*)
 *(.rela.ifunc)
 .rela.ifunc    0x00000000000083e8        0x0 /lib/x86_64-linux-gnu/Scrt1.o
 .rela.fini_array
                0x00000000000083e8       0x18 /lib/x86_64-linux-gnu/Scrt1.o
 .rela.init_array
                0x0000000000008400       0x18 /lib/x86_64-linux-gnu/Scrt1.o

.rela.plt       0x0000000000008418      0x558
 *(.rela.plt)
 .rela.plt      0x0000000000008418      0x558 /lib/x86_64-linux-gnu/Scrt1.o
 *(.rela.iplt)

.relr.dyn
 *(.relr.dyn)
                0x0000000000009000                . = ALIGN (CONSTANT (MAXPAGESIZE))

.init           0x0000000000009000       0x1b
 *(SORT_NONE(.init))
 .init          0x0000000000009000       0x16 /lib/x86_64-linux-gnu/crti.o
                0x0000000000009000                _init
 .init          0x0000000000009016        0x5 /lib/x86_64-linux-gnu/crtn.o

.plt            0x0000000000009020      0x3a0
 *(.plt)
 .plt           0x0000000000009020      0x3a0 /lib/x86_64-linux-gnu/Scrt1.o
                0x0000000000009030                XkbSetDetectableAutoRepeat
                0x0000000000009040                printf@@GLIBC_2.2.5
                0x0000000000009050                memset@@GLIBC_2.2.5
                0x0000000000009060                ftell@@GLIBC_2.2.5
                0x0000000000009070                snprintf@@GLIBC_2.2.5
                0x0000000000009080                memchr@@GLIBC_2.2.5
                0x0000000000009090                puts@@GLIBC_2.2.5
                0x00000000000090a0                fseek@@GLIBC_2.2.5
                0x00000000000090b0                __isoc99_sscanf@@GLIBC_2.7
                0x00000000000090c0                toupper@@GLIBC_2.2.5
                0x00000000000090d0                exit@@GLIBC_2.2.5
                0x00000000000090e0                XCreateImage
                0x00000000000090f0                strcasecmp@@GLIBC_2.2.5
                0x0000000000009100                gettimeofday@@GLIBC_2.2.5
                0x0000000000009110                putchar@@GLIBC_2.2.5
                0x0000000000009120                strncmp@@GLIBC_2.2.5
                0x0000000000009130                malloc@@GLIBC_2.2.5
                0x0000000000009140                fopen@@GLIBC_2.2.5
                0x0000000000009150                system@@GLIBC_2.2.5
                0x0000000000009160                XkbKeycodeToKeysym
                0x0000000000009170                XCreateSimpleWindow
                0x0000000000009180                XOpenDisplay
                0x0000000000009190                atof@@GLIBC_2.2.5
                0x00000000000091a0                vfprintf@@GLIBC_2.2.5
                0x00000000000091b0                __ctype_toupper_loc@@GLIBC_2.3
                0x00000000000091c0                free@@GLIBC_2.2.5
                0x00000000000091d0                strlen@@GLIBC_2.2.5
                0x00000000000091e0                XSetForeground
                0x00000000000091f0                strrchr@@GLIBC_2.2.5
                0x0000000000009200                XNextEvent
                0x0000000000009210                usleep@@GLIBC_2.2.5
                0x0000000000009220                strstr@@GLIBC_2.2.5
                0x0000000000009230                atoi@@GLIBC_2.2.5
                0x0000000000009240                XMapWindow
                0x0000000000009250                vsnprintf@@GLIBC_2.2.5
                0x0000000000009260                fread@@GLIBC_2.2.5
                0x0000000000009270                XCreateGC
                0x0000000000009280                XSelectInput
                0x0000000000009290                __errno_location@@GLIBC_2.2.5
                0x00000000000092a0                strdup@@GLIBC_2.2.5
                0x00000000000092b0                strncasecmp@@GLIBC_2.2.5
                0x00000000000092c0                XPutImage
                0x00000000000092d0                strcmp@@GLIBC_2.2.5
                0x00000000000092e0                tolower@@GLIBC_2.2.5
                0x00000000000092f0                calloc@@GLIBC_2.2.5
                0x0000000000009300                fclose@@GLIBC_2.2.5
                0x0000000000009310                remove@@GLIBC_2.2.5
                0x0000000000009320                strncpy@@GLIBC_2.2.5
                0x0000000000009330                XChangeProperty
                0x0000000000009340                fwrite@@GLIBC_2.2.5
                0x0000000000009350                realloc@@GLIBC_2.2.5
                0x0000000000009360                fprintf@@GLIBC_2.2.5
                0x0000000000009370                memcpy@@GLIBC_2.14
                0x0000000000009380                rename@@GLIBC_2.2.5
                0x0000000000009390                XPending
                0x00000000000093a0                mkdir@@GLIBC_2.2.5
                0x00000000000093b0                fflush@@GLIBC_2.2.5
 *(.iplt)

.plt.got        0x00000000000093c0        0x8
 *(.plt.got)
 .plt.got       0x00000000000093c0        0x8 /lib/x86_64-linux-gnu/Scrt1.o
                0x00000000000093c0                __cxa_finalize@@GLIBC_2.2.5

.plt.sec
 *(.plt.sec)

.text           0x00000000000093d0    0x279e4
 *(.text.unlikely .text.*_unlikely .text.unlikely.*)
 .text.unlikely.
                0x00000000000093d0      0x250 build/i_system.o
                0x00000000000093d0                I_Error
 *(.text.exit .text.exit.*)
 *(.text.startup .text.startup.*)
 *(.text.hot .text.hot.*)
 *(SORT_BY_NAME(.text.sorted.*))
 *(.text .stub .text.* .gnu.linkonce.t.*)
 .text          0x0000000000009620       0x26 /lib/x86_64-linux-gnu/Scrt1.o
                0x0000000000009620                _start
 *fill*         0x0000000000009646        0xa 
 .text          0x0000000000009650       0xb9 /usr/lib/gcc/x86_64-linux-gnu/15/crtbeginS.o
 *fill*         0x0000000000009709        0x3 
 .text          0x000000000000970c     0x1a4b build/am_map.o
                0x000000000000970c                AM_getIslope
                0x0000000000009774                AM_activateNewScale
                0x0000000000009827                AM_saveScaleAndLoc
                0x0000000000009858                AM_restoreScaleAndLoc
                0x00000000000098fa                AM_addMark
                0x0000000000009955                AM_findMinMaxBoundaries
                0x0000000000009a9b                AM_changeWindowLoc
                0x0000000000009b57                AM_initVariables
                0x0000000000009cb0                AM_loadPics
                0x0000000000009d10                AM_unloadPics
                0x0000000000009d52                AM_clearMarks
                0x0000000000009d77                AM_LevelInit
                0x0000000000009ded                AM_Stop
                0x0000000000009e12                AM_Start
                0x0000000000009e87                AM_minOutWindowScale
                0x0000000000009eaa                AM_maxOutWindowScale
                0x0000000000009ecd                AM_Responder
                0x000000000000a2cb                AM_changeWindowScale
                0x000000000000a32b                AM_doFollowPlayer
                0x000000000000a3fc                AM_updateLightLev
                0x000000000000a460                AM_Ticker
                0x000000000000a4a7                AM_clearFB
                0x000000000000a4db                AM_clipMline
                0x000000000000a826                AM_drawFline
                0x000000000000a9bd                AM_drawMline
                0x000000000000a9e1                AM_drawGrid
                0x000000000000aaf9                AM_drawWalls
                0x000000000000ac19                AM_rotate
                0x000000000000ac95                AM_drawLineCharacter
                0x000000000000adce                AM_drawPlayers
                0x000000000000aee1                AM_drawThings
                0x000000000000af71                AM_drawMarks
                0x000000000000b043                AM_drawCrosshair
                0x000000000000b079                AM_Drawer
 *fill*         0x000000000000b157        0x1 
 .text          0x000000000000b158       0x77 build/d_event.o
                0x000000000000b158                D_PostEvent
                0x000000000000b193                D_PopEvent
 *fill*         0x000000000000b1cf        0x1 
 .text          0x000000000000b1d0      0x442 build/d_iwad.o
                0x000000000000b1d0                D_FindWADByName
                0x000000000000b2fb                D_TryFindWADByName
                0x000000000000b30d                D_FindIWAD
                0x000000000000b506                D_FindAllIWADs
                0x000000000000b57d                D_SaveGameIWADName
                0x000000000000b5a9                D_SuggestIWADName
                0x000000000000b5db                D_SuggestGameName
 *fill*         0x000000000000b612        0x2 
 .text          0x000000000000b614      0x609 build/d_loop.o
                0x000000000000b614                NetUpdate
                0x000000000000b7a2                D_ReceiveTic
                0x000000000000b83c                D_StartGameLoop
                0x000000000000b889                D_StartNetGame
                0x000000000000b8c0                D_InitNetGame
                0x000000000000b8e2                D_QuitNetGame
                0x000000000000b8e3                TryRunTics
                0x000000000000bc15                D_RegisterLoopCallbacks
 *fill*         0x000000000000bc1d        0x3 
 .text          0x000000000000bc20     0x164f build/d_main.o
                0x000000000000bc20                D_ProcessEvents
                0x000000000000bc5b                D_Display
                0x000000000000bffc                D_PageDrawer
                0x000000000000c01b                D_BindVariables
                0x000000000000c176                D_GrabMouseCallback
                0x000000000000c1b7                doomgeneric_Tick
                0x000000000000c1f7                D_DoomLoop
                0x000000000000c2a6                D_PageTicker
                0x000000000000c2c5                D_AdvanceDemo
                0x000000000000c2d0                D_DoAdvanceDemo
                0x000000000000c4c0                D_StartTitle
                0x000000000000c4e2                D_IdentifyVersion
                0x000000000000c693                D_SetGameDescription
                0x000000000000c75a                PrintDehackedBanners
                0x000000000000c75b                PrintGameVersion
                0x000000000000c7a7                D_DoomMain
 *fill*         0x000000000000d26f        0x1 
 .text          0x000000000000d270      0x154 build/d_mode.o
                0x000000000000d270                D_ValidGameMode
                0x000000000000d29c                D_ValidEpisodeMap
                0x000000000000d31f                D_GetNumEpisodes
                0x000000000000d34e                D_ValidGameVersion
                0x000000000000d392                D_IsEpisodeMap
                0x000000000000d3a6                D_GameMissionString
 .text          0x000000000000d3c4      0x414 build/d_net.o
                0x000000000000d3c4                D_ConnectNetGame
                0x000000000000d4b6                D_CheckNetGame
 .text          0x000000000000d7d8      0xc0c build/f_finale.o
                0x000000000000d7d8                F_StartFinale
                0x000000000000d8c9                F_Responder
                0x000000000000d8d9                F_CastResponder
                0x000000000000d95f                F_Ticker
                0x000000000000da43                F_StartCast
                0x000000000000dabe                F_CastTicker
                0x000000000000deed                F_TextWrite
                0x000000000000e01b                F_CastPrint
                0x000000000000e0d7                F_CastDrawer
                0x000000000000e179                F_DrawPatchCol
                0x000000000000e1de                F_BunnyScroll
                0x000000000000e35b                F_Drawer
 .text          0x000000000000e3e4      0x4b7 build/f_wipe.o
                0x000000000000e3e4                wipe_shittyColMajorXform
                0x000000000000e475                wipe_initColorXForm
                0x000000000000e499                wipe_doColorXForm
                0x000000000000e4ff                wipe_exitColorXForm
                0x000000000000e502                wipe_initMelt
                0x000000000000e5f6                wipe_doMelt
                0x000000000000e75b                wipe_exitMelt
                0x000000000000e784                wipe_StartScreen
                0x000000000000e7a9                wipe_EndScreen
                0x000000000000e7fd                wipe_ScreenWipe
 *fill*         0x000000000000e89b        0x1 
 .text          0x000000000000e89c     0x2661 build/g_game.o
                0x000000000000e89c                G_CmdChecksum
                0x000000000000e8a5                G_BuildTiccmd
                0x000000000000f023                G_DoLoadLevel
                0x000000000000f1e1                G_Responder
                0x000000000000f515                G_Ticker
                0x000000000000f905                G_DoReborn
                0x000000000000f9d7                G_DoNewGame
                0x000000000000fa43                G_DoLoadGame
                0x000000000000fb0f                G_DoSaveGame
                0x000000000000fc71                G_DoPlayDemo
                0x000000000000fe92                G_DoCompleted
                0x0000000000010170                G_DoWorldDone
                0x000000000001019e                G_ReadDemoTiccmd
                0x000000000001021f                G_WriteDemoTiccmd
                0x0000000000010357                G_InitPlayer
                0x0000000000010408                G_PlayerReborn
                0x00000000000104b9                G_PlayerFinishLevel
                0x00000000000104fd                G_CheckSpot
                0x0000000000010715                G_DeathMatchSpawnPlayer
                0x00000000000107ad                G_ScreenShot
                0x00000000000107b8                G_ExitLevel
                0x00000000000107cd                G_SecretExitLevel
                0x0000000000010809                G_WorldDone
                0x0000000000010875                G_LoadGame
                0x0000000000010896                G_InitNew
                0x0000000000010acd                G_SaveGame
                0x0000000000010af1                G_DeferedInitNew
                0x0000000000010b0e                G_CheckDemoStatus
                0x0000000000010c4c                G_RecordDemo
                0x0000000000010cfe                G_VanillaVersionCode
                0x0000000000010d4a                G_BeginRecording
                0x0000000000010eae                G_DeferedPlayDemo
                0x0000000000010ec0                G_TimeDemo
 *fill*         0x0000000000010efd        0x3 
 .text          0x0000000000010f00      0x5dd build/hu_lib.o
                0x0000000000010f00                HUlib_init
                0x0000000000010f01                HUlib_clearTextLine
                0x0000000000010f14                HUlib_initTextLine
                0x0000000000010f34                HUlib_addCharToTextLine
                0x0000000000010f61                HUlib_delCharFromTextLine
                0x0000000000010f86                HUlib_drawTextLine
                0x0000000000011063                HUlib_eraseTextLine
                0x000000000001112e                HUlib_initSText
                0x000000000001119b                HUlib_addLineToSText
                0x00000000000111ed                HUlib_addMessageToSText
                0x0000000000011297                HUlib_drawSText
                0x00000000000112f0                HUlib_eraseSText
                0x0000000000011354                HUlib_initIText
                0x0000000000011383                HUlib_delCharFromIText
                0x00000000000113a5                HUlib_eraseLineFromIText
                0x00000000000113ce                HUlib_resetIText
                0x00000000000113e2                HUlib_addPrefixToIText
                0x000000000001141f                HUlib_keyInIText
                0x0000000000011496                HUlib_drawIText
                0x00000000000114aa                HUlib_eraseIText
 *fill*         0x00000000000114dd        0x3 
 .text          0x00000000000114e0      0x92b build/hu_stuff.o
                0x00000000000114e0                HU_Init
                0x0000000000011549                HU_Stop
                0x0000000000011551                HU_Start
                0x000000000001176d                HU_Drawer
                0x00000000000117a3                HU_Erase
                0x00000000000117c9                HU_Ticker
                0x00000000000119c4                HU_queueChatChar
                0x0000000000011a01                HU_dequeueChatChar
                0x0000000000011a29                HU_Responder
 *fill*         0x0000000000011e0b        0x1 
 .text          0x0000000000011e0c        0x1 build/i_endoom.o
                0x0000000000011e0c                I_Endoom
 *fill*         0x0000000000011e0d        0x3 
 .text          0x0000000000011e10       0xf3 build/i_joystick.o
                0x0000000000011e10                I_ShutdownJoystick
                0x0000000000011e11                I_InitJoystick
                0x0000000000011e12                I_UpdateJoystick
                0x0000000000011e13                I_BindJoystickVariables
 *fill*         0x0000000000011f03        0x1 
 .text          0x0000000000011f04      0x102 build/i_sound.o
                0x0000000000011f04                I_InitSound
                0x0000000000011f2a                I_ShutdownSound
                0x0000000000011f2b                I_GetSfxLumpNum
                0x0000000000011f2e                I_UpdateSound
                0x0000000000011f2f                I_UpdateSoundParams
                0x0000000000011f30                I_StartSound
                0x0000000000011f33                I_StopSound
                0x0000000000011f34                I_SoundIsPlaying
                0x0000000000011f37                I_PrecacheSounds
                0x0000000000011f38                I_InitMusic
                0x0000000000011f39                I_ShutdownMusic
                0x0000000000011f3a                I_SetMusicVolume
                0x0000000000011f3b                I_PauseSong
                0x0000000000011f3c                I_ResumeSong
                0x0000000000011f3d                I_RegisterSong
                0x0000000000011f40                I_UnRegisterSong
                0x0000000000011f41                I_PlaySong
                0x0000000000011f42                I_StopSong
                0x0000000000011f43                I_MusicIsPlaying
                0x0000000000011f46                I_BindSoundVariables
 *fill*         0x0000000000012006        0x2 
 .text          0x0000000000012008      0x307 build/i_system.o
                0x0000000000012008                I_AtExit
                0x000000000001203b                I_Tactile
                0x000000000001203c                I_ZoneBase
                0x00000000000120cb                I_PrintBanner
                0x000000000001210b                I_PrintDivider
                0x000000000001212a                I_PrintStartupBanner
                0x0000000000012152                I_ConsoleStdout
                0x0000000000012155                I_Quit
                0x000000000001216c                I_GetMemoryValue
 *fill*         0x000000000001230f        0x1 
 .text          0x0000000000012310       0x58 build/i_timer.o
                0x0000000000012310                I_GetTicks
                0x0000000000012317                I_GetTime
                0x0000000000012343                I_GetTimeMS
                0x0000000000012361                I_Sleep
                0x0000000000012366                I_WaitVBL
                0x0000000000012367                I_InitTimer
 .text          0x0000000000012368       0x97 build/m_argv.o
                0x0000000000012368                M_CheckParmWithArgs
                0x00000000000123bc                M_ParmExists
                0x00000000000123cf                M_CheckParm
                0x00000000000123d6                M_FindResponseFile
                0x00000000000123d7                M_GetExecutableName
 *fill*         0x00000000000123ff        0x1 
 .text          0x0000000000012400       0x2d build/m_bbox.o
                0x0000000000012400                M_ClearBox
                0x000000000001240b                M_AddToBox
 *fill*         0x000000000001242d        0x3 
 .text          0x0000000000012430       0xbe build/m_cheat.o
                0x0000000000012430                cht_CheckCheat
                0x00000000000124db                cht_GetParam
 *fill*         0x00000000000124ee        0x2 
 .text          0x00000000000124f0      0x35d build/m_config.o
                0x00000000000124f0                M_SetConfigFilenames
                0x00000000000124ff                M_SaveDefaults
                0x0000000000012500                M_SaveDefaultsAlternate
                0x0000000000012501                M_LoadDefaults
                0x00000000000125d1                M_BindVariable
                0x000000000001263a                M_SetVariable
                0x00000000000126e2                M_GetIntVariable
                0x0000000000012706                M_GetStrVariable
                0x000000000001272a                M_GetFloatVariable
                0x000000000001274e                M_SetConfigDir
                0x0000000000012793                M_GetSaveGameDir
 *fill*         0x000000000001284d        0x3 
 .text          0x0000000000012850      0x955 build/m_controls.o
                0x0000000000012850                M_BindBaseControls
                0x0000000000012a53                M_BindHereticControls
                0x0000000000012b00                M_BindHexenControls
                0x0000000000012bd3                M_BindStrifeControls
                0x0000000000012d5e                M_BindWeaponControls
                0x0000000000012e6a                M_BindMapControls
                0x0000000000012f50                M_BindMenuControls
                0x000000000001312d                M_BindChatControls
                0x00000000000131a4                M_ApplyPlatformDefaults
 *fill*         0x00000000000131a5        0x3 
 .text          0x00000000000131a8       0x44 build/m_fixed.o
                0x00000000000131a8                FixedMul
                0x00000000000131b7                FixedDiv
 .text          0x00000000000131ec     0x20fb build/m_menu.o
                0x00000000000131ec                M_NewGame
                0x0000000000013291                M_Options
                0x00000000000132ae                M_LoadGame
                0x000000000001331c                M_SaveGame
                0x0000000000013397                M_ReadThis
                0x00000000000133b4                M_QuitDOOM
                0x0000000000013448                M_DrawMainMenu
                0x000000000001346d                M_Episode
                0x0000000000013523                M_DrawEpisode
                0x0000000000013548                M_ChooseSkill
                0x00000000000135a8                M_DrawNewGame
                0x00000000000135f0                M_EndGame
                0x0000000000013686                M_ChangeMessages
                0x00000000000136d6                M_ChangeDetail
                0x000000000001372e                M_SizeDisplay
                0x0000000000013787                M_ChangeSensitivity
                0x00000000000137b2                M_Sound
                0x00000000000137cf                M_DrawOptions
                0x00000000000138be                M_ReadThis2
                0x0000000000013910                M_DrawReadThis1
                0x00000000000139db                M_FinishReadThis
                0x00000000000139f8                M_DrawReadThis2
                0x0000000000013a21                M_SfxVol
                0x0000000000013a58                M_MusicVol
                0x0000000000013a8f                M_DrawSound
                0x0000000000013afc                M_LoadSelect
                0x0000000000013b37                M_DrawLoad
                0x0000000000013bad                M_SaveSelect
                0x0000000000013c0a                M_DrawSave
                0x0000000000013cce                M_ReadSaveStrings
                0x0000000000013d86                M_DrawSaveLoadBorder
                0x0000000000013e14                M_WriteText
                0x0000000000013e94                M_ClearMenus
                0x0000000000013e9f                M_StartMessage
                0x0000000000013ed1                M_SetupNextMenu
                0x0000000000013ee4                M_StringWidth
                0x0000000000013f45                M_DoSave
                0x0000000000013f7a                M_QuickSaveResponse
                0x0000000000013fca                M_QuickSave
                0x00000000000140c5                M_StartControlPanel
                0x00000000000140f6                M_QuickLoadResponse
                0x000000000001411b                M_QuickLoad
                0x00000000000141ba                M_DrawThermo
                0x0000000000014271                M_VerifyNightmare
                0x00000000000142a3                M_EndGameResponse
                0x00000000000142d0                M_QuitResponse
                0x0000000000014332                M_DrawEmptyCell
                0x000000000001436b                M_DrawSelCell
                0x00000000000143a4                M_StopMessage
                0x00000000000143bb                M_StringHeight
                0x0000000000014400                M_Responder
                0x0000000000014fba                M_Drawer
                0x0000000000015208                M_Ticker
                0x000000000001522f                M_Init
 *fill*         0x00000000000152e7        0x1 
 .text          0x00000000000152e8      0x7b1 build/m_misc.o
                0x00000000000152e8                M_MakeDirectory
                0x00000000000152f2                M_FileExists
                0x0000000000015325                M_FileLength
                0x0000000000015365                M_WriteFile
                0x00000000000153bd                M_ReadFile
                0x0000000000015460                M_TempFile
                0x000000000001547a                M_StringJoin
                0x00000000000155f2                M_StrToInt
                0x000000000001566d                M_ExtractFileBase
                0x00000000000156e3                M_ForceUppercase
                0x0000000000015718                M_StrCaseStr
                0x0000000000015777                M_StringDuplicate
                0x00000000000157af                M_StringReplace
                0x00000000000158b5                M_StringCopy
                0x00000000000158f0                M_StringConcat
                0x0000000000015923                M_StringStartsWith
                0x0000000000015962                M_StringEndsWith
                0x00000000000159a7                M_vsnprintf
                0x00000000000159e2                M_snprintf
 *fill*         0x0000000000015a99        0x3 
 .text          0x0000000000015a9c       0x49 build/m_random.o
                0x0000000000015a9c                P_Random
                0x0000000000015ab9                M_Random
                0x0000000000015ad6                M_ClearRandom
 *fill*         0x0000000000015ae5        0x3 
 .text          0x0000000000015ae8      0x3e5 build/p_ceilng.o
                0x0000000000015ae8                T_MoveCeiling
                0x0000000000015c3f                P_RemoveActiveCeiling
                0x0000000000015c83                EV_DoCeiling
                0x0000000000015e16                P_ActivateInStasisCeiling
                0x0000000000015e59                P_AddActiveCeiling
                0x0000000000015e7b                EV_CeilingCrushStop
 *fill*         0x0000000000015ecd        0x3 
 .text          0x0000000000015ed0      0x735 build/p_doors.o
                0x0000000000015ed0                T_VerticalDoor
                0x0000000000016064                EV_DoLockedDoor
                0x000000000001610b                EV_DoDoor
                0x00000000000162b7                EV_VerticalDoor
                0x0000000000016530                P_SpawnDoorCloseIn30
                0x000000000001658c                P_SpawnDoorRaiseIn5Mins
 *fill*         0x0000000000016605        0x3 
 .text          0x0000000000016608     0x20c0 build/p_enemy.o
                0x0000000000016608                P_RecursiveSound
                0x00000000000166e6                P_NoiseAlert
                0x0000000000016704                P_CheckMeleeRange
                0x0000000000016760                P_CheckMissileRange
                0x0000000000016845                P_Move
                0x0000000000016976                P_TryWalk
                0x000000000001699c                P_NewChaseDir
                0x0000000000016ba4                P_LookForPlayers
                0x0000000000016c9d                A_KeenDie
                0x0000000000016d02                A_Fall
                0x0000000000016d0a                A_Look
                0x0000000000016de9                A_Chase
                0x0000000000016ffc                A_FaceTarget
                0x0000000000017054                A_PosAttack
                0x00000000000170f0                A_SPosAttack
                0x0000000000017196                A_CPosAttack
                0x0000000000017232                A_CPosRefire
                0x000000000001727b                A_SpidRefire
                0x00000000000172c4                A_BspiAttack
                0x00000000000172ed                A_TroopAttack
                0x000000000001735b                A_SargAttack
                0x00000000000173b8                A_HeadAttack
                0x000000000001742d                A_CyberAttack
                0x0000000000017456                A_BruisAttack
                0x00000000000174c3                A_SkelMissile
                0x000000000001751b                A_Tracer
                0x0000000000017688                A_SkelWhoosh
                0x00000000000176aa                A_SkelFist
                0x0000000000017725                PIT_VileCheck
                0x00000000000177c1                A_VileChase
                0x0000000000017953                A_VileStart
                0x000000000001795d                A_StartFire
                0x0000000000017974                A_Fire
                0x0000000000017a1c                A_FireCrackle
                0x0000000000017a33                A_VileTarget
                0x0000000000017a85                A_VileAttack
                0x0000000000017b77                A_FatRaise
                0x0000000000017b8e                A_FatAttack1
                0x0000000000017c26                A_FatAttack2
                0x0000000000017cc2                A_FatAttack3
                0x0000000000017daa                A_SkullAttack
                0x0000000000017e68                A_PainShootSkull
                0x0000000000017f83                A_PainAttack
                0x0000000000017fa3                A_PainDie
                0x0000000000017fdc                A_Scream
                0x000000000001805c                A_XScream
                0x0000000000018066                A_Pain
                0x0000000000018079                A_Explode
                0x000000000001808a                A_BossDeath
                0x00000000000182bb                A_Hoof
                0x00000000000182d2                A_Metal
                0x00000000000182e9                A_BabyMetal
                0x0000000000018300                A_OpenShotgun2
                0x000000000001830d                A_LoadShotgun2
                0x000000000001831a                A_CloseShotgun2
                0x0000000000018343                A_BrainAwake
                0x00000000000183a1                A_BrainPain
                0x00000000000183ad                A_BrainScream
                0x000000000001845e                A_BrainExplode
                0x00000000000184dd                A_BrainDie
                0x00000000000184e2                A_BrainSpit
                0x0000000000018576                A_SpawnSound
                0x000000000001858d                A_SpawnFly
                0x000000000001869e                A_PlayerScream
 .text          0x00000000000186c8      0x74f build/p_floor.o
                0x00000000000186c8                T_MovePlane
                0x00000000000187ee                T_MoveFloor
                0x0000000000018890                EV_DoFloor
                0x0000000000018c5f                EV_BuildStairs
 *fill*         0x0000000000018e17        0x1 
 .text          0x0000000000018e18      0xed3 build/p_inter.o
                0x0000000000018e18                P_GiveAmmo
                0x0000000000018f55                P_GiveWeapon
                0x0000000000019052                P_GiveBody
                0x000000000001907b                P_GiveArmor
                0x0000000000019091                P_GiveCard
                0x00000000000190ae                P_GivePower
                0x0000000000019138                P_TouchSpecialThing
                0x0000000000019823                P_KillMobj
                0x00000000000199d8                P_DamageMobj
 *fill*         0x0000000000019ceb        0x1 
 .text          0x0000000000019cec      0x42a build/p_lights.o
                0x0000000000019cec                T_FireFlicker
                0x0000000000019d24                P_SpawnFireFlicker
                0x0000000000019d83                T_LightFlash
                0x0000000000019dc1                P_SpawnLightFlash
                0x0000000000019e32                T_StrobeFlash
                0x0000000000019e5f                P_SpawnStrobeFlash
                0x0000000000019ee8                EV_StartLightStrobing
                0x0000000000019f3b                EV_TurnTagLightsOff
                0x0000000000019fce                EV_LightTurnOn
                0x000000000001a065                T_Glow
                0x000000000001a0b6                P_SpawnGlowingLight
 *fill*         0x000000000001a116        0x2 
 .text          0x000000000001a118     0x1675 build/p_map.o
                0x000000000001a118                PIT_StompThing
                0x000000000001a1a0                P_TeleportMove
                0x000000000001a340                PIT_CheckLine
                0x000000000001a50d                PIT_CheckThing
                0x000000000001a6c4                P_CheckPosition
                0x000000000001a8d2                P_TryMove
                0x000000000001aa49                P_ThingHeightClip
                0x000000000001aaa2                P_HitSlideLine
                0x000000000001ab91                PTR_SlideTraverse
                0x000000000001ac57                P_SlideMove
                0x000000000001ae5d                PTR_AimTraverse
                0x000000000001afe9                PTR_ShootTraverse
                0x000000000001b2f4                P_AimLineAttack
                0x000000000001b3a7                P_LineAttack
                0x000000000001b426                PTR_UseTraverse
                0x000000000001b491                P_UseLines
                0x000000000001b4da                PIT_RadiusAttack
                0x000000000001b575                P_RadiusAttack
                0x000000000001b629                PIT_ChangeSector
                0x000000000001b712                P_ChangeSector
 *fill*         0x000000000001b78d        0x3 
 .text          0x000000000001b790      0xaff build/p_maputl.o
                0x000000000001b790                P_AproxDistance
                0x000000000001b7ab                P_PointOnLineSide
                0x000000000001b81e                P_BoxOnLineSide
                0x000000000001b8de                P_PointOnDivlineSide
                0x000000000001b964                P_MakeDivline
                0x000000000001b977                P_InterceptVector
                0x000000000001b9f1                P_LineOpening
                0x000000000001ba39                P_UnsetThingPosition
                0x000000000001bad7                P_SetThingPosition
                0x000000000001bb8b                P_BlockLinesIterator
                0x000000000001bc48                P_BlockThingsIterator
                0x000000000001bcaa                PIT_AddLineIntercepts
                0x000000000001be19                PIT_AddThingIntercepts
                0x000000000001bf05                P_TraverseIntercepts
                0x000000000001bf8e                P_PathTraverse
 *fill*         0x000000000001c28f        0x1 
 .text          0x000000000001c290     0x115e build/p_mobj.o
                0x000000000001c290                P_SetMobjState
                0x000000000001c303                P_RemoveMobj
                0x000000000001c39c                P_ExplodeMissile
                0x000000000001c40a                P_XYMovement
                0x000000000001c6c2                P_ZMovement
                0x000000000001c880                P_NightmareRespawn
                0x000000000001c997                P_SpawnMobj
                0x000000000001cacd                P_MobjThinker
                0x000000000001cb86                P_RespawnSpecials
                0x000000000001cca5                P_SpawnPlayer
                0x000000000001cdd2                P_SpawnMapThing
                0x000000000001cffc                P_SpawnPuff
                0x000000000001d08e                P_SpawnBlood
                0x000000000001d126                P_CheckMissileSpawn
                0x000000000001d18f                P_SubstNullMobj
                0x000000000001d1b9                P_SpawnMissile
                0x000000000001d2c2                P_SpawnPlayerMissile
 *fill*         0x000000000001d3ee        0x2 
 .text          0x000000000001d3f0      0x4ce build/p_plats.o
                0x000000000001d3f0                T_PlatRaise
                0x000000000001d52a                P_RemoveActivePlat
                0x000000000001d57f                EV_DoPlat
                0x000000000001d80e                P_ActivateInStasis
                0x000000000001d84b                P_AddActivePlat
                0x000000000001d87a                EV_StopPlat
 *fill*         0x000000000001d8be        0x2 
 .text          0x000000000001d8c0      0xcae build/p_pspr.o
                0x000000000001d8c0                P_SetPsprite
                0x000000000001d944                P_CalcSwing
                0x000000000001d995                P_BringUpWeapon
                0x000000000001d9f5                P_CheckAmmo
                0x000000000001db35                P_FireWeapon
                0x000000000001db79                P_DropWeapon
                0x000000000001db92                A_WeaponReady
                0x000000000001dcd0                A_ReFire
                0x000000000001dcff                A_CheckReload
                0x000000000001dd04                A_Lower
                0x000000000001dd42                A_Raise
                0x000000000001dd76                A_GunFlash
                0x000000000001dda7                A_Punch
                0x000000000001de6f                A_Saw
                0x000000000001df7f                A_FireMissile
                0x000000000001dfb7                A_FireBFG
                0x000000000001dff1                A_FirePlasma
                0x000000000001e059                P_BulletSlope
                0x000000000001e0c8                P_GunShot
                0x000000000001e13f                A_FirePistol
                0x000000000001e1be                A_FireShotgun
                0x000000000001e243                A_FireShotgun2
                0x000000000001e364                A_FireCGun
                0x000000000001e42c                A_Light0
                0x000000000001e437                A_Light1
                0x000000000001e442                A_Light2
                0x000000000001e44d                A_BFGSpray
                0x000000000001e4e6                A_BFGsound
                0x000000000001e4f3                P_SetupPsprites
                0x000000000001e511                P_MovePsprites
 *fill*         0x000000000001e56e        0x2 
 .text          0x000000000001e570     0x1c71 build/p_saveg.o
                0x000000000001e570                P_TempSaveGameFile
                0x000000000001e5a4                P_SaveGameFile
                0x000000000001e630                P_WriteSaveGameHeader
                0x000000000001e782                P_ReadSaveGameHeader
                0x000000000001e8d6                P_ReadSaveGameEOF
                0x000000000001e8e7                P_WriteSaveGameEOF
                0x000000000001e8f1                P_ArchivePlayers
                0x000000000001ec40                P_UnArchivePlayers
                0x000000000001efca                P_ArchiveWorld
                0x000000000001f206                P_UnArchiveWorld
                0x000000000001f470                P_ArchiveThinkers
                0x000000000001f6ca                P_UnArchiveThinkers
                0x000000000001f9dc                P_ArchiveSpecials
                0x000000000001fd13                P_UnArchiveSpecials
 *fill*         0x00000000000201e1        0x3 
 .text          0x00000000000201e4      0xe7b build/p_setup.o
                0x00000000000201e4                P_LoadVertexes
                0x0000000000020254                GetSectorAtNullAddress
                0x00000000000202d5                P_LoadSegs
                0x0000000000020453                P_LoadSubsectors
                0x00000000000204dd                P_LoadSectors
                0x00000000000205c9                P_LoadNodes
                0x000000000002068d                P_LoadThings
                0x0000000000020744                P_LoadLineDefs
                0x000000000002092f                P_LoadSideDefs
                0x0000000000020a26                P_LoadBlockMap
                0x0000000000020ab5                P_GroupLines
                0x0000000000020d43                P_SetupLevel
                0x0000000000021047                P_Init
 *fill*         0x000000000002105f        0x1 
 .text          0x0000000000021060      0x46d build/p_sight.o
                0x0000000000021060                P_DivlineSide
                0x00000000000210c1                P_InterceptVector2
                0x000000000002113b                P_CrossSubsector
                0x0000000000021352                P_CrossBSPNode
                0x00000000000213f8                P_CheckSight
 *fill*         0x00000000000214cd        0x3 
 .text          0x00000000000214d0      0xff6 build/p_spec.o
                0x00000000000214d0                P_InitPicAnims
                0x00000000000215c9                getSide
                0x0000000000021602                getSector
                0x000000000002163c                twoSided
                0x0000000000021661                getNextSector
                0x0000000000021679                P_FindLowestFloorSurrounding
                0x00000000000216ba                P_FindHighestFloorSurrounding
                0x0000000000021704                P_FindNextHighestFloor
                0x00000000000217bd                P_FindLowestCeilingSurrounding
                0x0000000000021808                P_FindHighestCeilingSurrounding
                0x000000000002184d                P_FindSectorFromLineTag
                0x0000000000021898                P_FindMinSurroundingLight
                0x00000000000218db                P_CrossSpecialLine
                0x0000000000021cec                P_ShootSpecialLine
                0x0000000000021d61                P_PlayerInSpecialSector
                0x0000000000021e5b                P_UpdateSpecials
                0x0000000000021ffd                EV_DoDonut
                0x00000000000222ed                P_SpawnSpecials
 *fill*         0x00000000000224c6        0x2 
 .text          0x00000000000224c8      0x5d1 build/p_switch.o
                0x00000000000224c8                P_InitSwitchList
                0x0000000000022572                P_StartButton
                0x00000000000225de                P_ChangeSwitchTexture
                0x0000000000022735                P_UseSpecialLine
 *fill*         0x0000000000022a99        0x3 
 .text          0x0000000000022a9c      0x1b1 build/p_telept.o
                0x0000000000022a9c                EV_Teleport
 *fill*         0x0000000000022c4d        0x3 
 .text          0x0000000000022c50      0x132 build/p_tick.o
                0x0000000000022c50                P_InitThinkers
                0x0000000000022c66                P_AddThinker
                0x0000000000022c87                P_RemoveThinker
                0x0000000000022c90                P_AllocateThinker
                0x0000000000022c91                P_RunThinkers
                0x0000000000022ce2                P_Ticker
 *fill*         0x0000000000022d82        0x2 
 .text          0x0000000000022d84      0x505 build/p_user.o
                0x0000000000022d84                P_Thrust
                0x0000000000022dce                P_CalcHeight
                0x0000000000022ee7                P_MovePlayer
                0x0000000000022f88                P_DeathThink
                0x000000000002305d                P_PlayerThink
 *fill*         0x0000000000023289        0x3 
 .text          0x000000000002328c      0x581 build/r_bsp.o
                0x000000000002328c                R_ClearDrawSegs
                0x000000000002329b                R_ClipSolidWallSegment
                0x00000000000233a4                R_ClipPassWallSegment
                0x000000000002340f                R_ClearClipSegs
                0x0000000000023442                R_AddLine
                0x000000000002356a                R_CheckBBox
                0x0000000000023683                R_Subsector
                0x0000000000023770                R_RenderBSPNode
 *fill*         0x000000000002380d        0x3 
 .text          0x0000000000023810      0xec4 build/r_data.o
                0x0000000000023810                R_DrawColumnInCache
                0x0000000000023882                R_GenerateComposite
                0x00000000000239c2                R_GenerateLookup
                0x0000000000023b5f                R_GetColumn
                0x0000000000023bcf                R_InitTextures
                0x0000000000024100                R_InitFlats
                0x0000000000024171                R_InitSpriteLumps
                0x000000000002426a                R_InitColormaps
                0x000000000002428c                R_InitData
                0x00000000000242db                R_FlatNumForName
                0x0000000000024320                R_CheckTextureNumForName
                0x0000000000024378                R_TextureNumForName
                0x00000000000243a6                R_PrecacheLevel
 .text          0x00000000000246d4      0xcb6 build/r_draw.o
                0x00000000000246d4                R_DrawColumn
                0x0000000000024797                R_DrawColumnLow
                0x000000000002486e                R_DrawFuzzColumn
                0x0000000000024960                R_DrawFuzzColumnLow
                0x0000000000024a89                R_DrawTranslatedColumn
                0x0000000000024b57                R_DrawTranslatedColumnLow
                0x0000000000024c58                R_InitTranslationTables
                0x0000000000024ce7                R_DrawSpan
                0x0000000000024de2                R_DrawSpanLow
                0x0000000000024f12                R_InitBuffer
                0x0000000000024f98                R_FillBackScreen
                0x0000000000025251                R_VideoErase
                0x0000000000025278                R_DrawViewBorder
 *fill*         0x000000000002538a        0x2 
 .text          0x000000000002538c      0x9ea build/r_main.o
                0x000000000002538c                R_AddPointToBox
                0x00000000000253ab                R_PointOnSide
                0x0000000000025429                R_PointOnSegSide
                0x00000000000254ac                R_PointToAngle
                0x00000000000255d2                R_PointToAngle2
                0x00000000000255e7                R_PointToDist
                0x000000000002564c                R_InitPointToAngle
                0x000000000002564d                R_ScaleFromGlobalAngle
                0x00000000000256d5                R_InitTables
                0x00000000000256d6                R_InitTextureMapping
                0x00000000000257f7                R_InitLightTables
                0x000000000002589a                R_SetViewSize
                0x00000000000258b1                R_ExecuteSetViewSize
                0x0000000000025b56                R_Init
                0x0000000000025be0                R_PointInSubsector
                0x0000000000025c53                R_SetupFrame
                0x0000000000025d2d                R_RenderPlayerView
 *fill*         0x0000000000025d76        0x2 
 .text          0x0000000000025d78      0x802 build/r_plane.o
                0x0000000000025d78                R_InitPlanes
                0x0000000000025d79                R_MapPlane
                0x0000000000025f5c                R_ClearPlanes
                0x0000000000026027                R_FindPlane
                0x00000000000260e5                R_CheckPlane
                0x0000000000026181                R_MakeSpans
                0x00000000000262da                R_DrawPlanes
 *fill*         0x000000000002657a        0x2 
 .text          0x000000000002657c      0xe9d build/r_segs.o
                0x000000000002657c                R_RenderMaskedSegRange
                0x00000000000267c9                R_RenderSegLoop
                0x0000000000026b4f                R_StoreWallRange
 *fill*         0x0000000000027419        0x3 
 .text          0x000000000002741c        0xb build/r_sky.o
                0x000000000002741c                R_InitSkyMap
 *fill*         0x0000000000027427        0x1 
 .text          0x0000000000027428     0x117b build/r_things.o
                0x0000000000027428                R_InstallSpriteLump
                0x0000000000027584                R_InitSpriteDefs
                0x0000000000027853                R_InitSprites
                0x0000000000027876                R_ClearSprites
                0x0000000000027885                R_NewVisSprite
                0x00000000000278ac                R_DrawMaskedColumn
                0x00000000000279d9                R_DrawVisSprite
                0x0000000000027b34                R_ProjectSprite
                0x0000000000027e40                R_AddSprites
                0x0000000000027eaa                R_DrawPSprite
                0x00000000000280a9                R_DrawPlayerSprites
                0x0000000000028149                R_SortVisSprites
                0x0000000000028224                R_DrawSprite
                0x0000000000028507                R_DrawMasked
 *fill*         0x00000000000285a3        0x1 
 .text          0x00000000000285a4     0x139a build/sha1.o
                0x00000000000285a4                SHA1_Init
                0x00000000000285bf                SHA1_Update
                0x00000000000297ab                SHA1_Final
                0x00000000000298fd                SHA1_UpdateInt32
                0x0000000000029916                SHA1_UpdateString
 *fill*         0x000000000002993e        0x2 
 .text          0x0000000000029940       0x30 build/statdump.o
                0x0000000000029940                StatCopy
                0x000000000002996f                StatDump
 .text          0x0000000000029970      0x3ec build/st_lib.o
                0x0000000000029970                STlib_init
                0x000000000002998b                STlib_initNum
                0x00000000000299ab                STlib_drawNum
                0x0000000000029b2c                STlib_updateNum
                0x0000000000029b3a                STlib_initPercent
                0x0000000000029b5d                STlib_updatePercent
                0x0000000000029b90                STlib_initMultIcon
                0x0000000000029ba9                STlib_updateMultIcon
                0x0000000000029c82                STlib_initBinIcon
                0x0000000000029c9b                STlib_updateBinIcon
 .text          0x0000000000029d5c     0x1ab0 build/st_stuff.o
                0x0000000000029d5c                ST_refreshBackground
                0x0000000000029dcd                ST_Responder
                0x000000000002a2bd                ST_calcPainOffset
                0x000000000002a30a                ST_updateFaceWidget
                0x000000000002a7f6                ST_updateWidgets
                0x000000000002a8e5                ST_Ticker
                0x000000000002a90e                ST_doPaletteStuff
                0x000000000002a9d6                ST_drawWidgets
                0x000000000002aae7                ST_doRefresh
                0x000000000002ab02                ST_diffDraw
                0x000000000002ab09                ST_Drawer
                0x000000000002ab64                ST_loadGraphics
                0x000000000002af09                ST_loadData
                0x000000000002af22                ST_unloadGraphics
                0x000000000002b2ac                ST_unloadData
                0x000000000002b2b1                ST_initData
                0x000000000002b345                ST_createWidgets
                0x000000000002b6fb                ST_Start
                0x000000000002b7ac                ST_Stop
                0x000000000002b7da                ST_Init
 .text          0x000000000002b80c      0x78d build/s_sound.o
                0x000000000002b80c                S_Init
                0x000000000002b8cd                S_SetSfxVolume
                0x000000000002b8f0                S_SetMusicVolume
                0x000000000002b913                S_Shutdown
                0x000000000002b91f                S_Start
                0x000000000002ba09                S_ChangeMusic
                0x000000000002bae0                S_StopSound
                0x000000000002bb19                S_StartSound
                0x000000000002be0c                S_PauseSound
                0x000000000002be31                S_ResumeSound
                0x000000000002be56                S_UpdateSounds
                0x000000000002bf37                S_StartMusic
                0x000000000002bf3e                S_StopMusic
                0x000000000002bf94                S_MusicPlaying
 *fill*         0x000000000002bf99        0x3 
 .text          0x000000000002bf9c       0x25 build/tables.o
                0x000000000002bf9c                SlopeDiv
 *fill*         0x000000000002bfc1        0x3 
 .text          0x000000000002bfc4      0xf18 build/v_video.o
                0x000000000002bfc4                V_MarkRect
                0x000000000002c026                V_CopyRect
                0x000000000002c125                V_SetPatchClipCallback
                0x000000000002c12d                V_DrawPatch
                0x000000000002c260                V_DrawPatchFlipped
                0x000000000002c37b                V_DrawPatchDirect
                0x000000000002c380                V_DrawTLPatch
                0x000000000002c47d                V_DrawXlaPatch
                0x000000000002c55c                V_DrawAltTLPatch
                0x000000000002c659                V_DrawShadowedPatch
                0x000000000002c786                V_LoadTintTable
                0x000000000002c7a1                V_LoadXlaTable
                0x000000000002c7bc                V_DrawBlock
                0x000000000002c866                V_DrawFilledBox
                0x000000000002c8bc                V_DrawHorizLine
                0x000000000002c8e3                V_DrawVertLine
                0x000000000002c90d                V_DrawBox
                0x000000000002c9db                V_DrawRawScreen
                0x000000000002c9ef                V_Init
                0x000000000002c9f0                V_UseBuffer
                0x000000000002c9f8                V_RestoreBuffer
                0x000000000002ca0a                WritePCXfile
                0x000000000002cb13                V_ScreenShot
                0x000000000002cba2                V_DrawMouseSpeedBox
 .text          0x000000000002cedc     0x2491 build/wi_stuff.o
                0x000000000002cedc                WI_slamBackground
                0x000000000002ceec                WI_Responder
                0x000000000002ceef                WI_drawLF
                0x000000000002cfc6                WI_drawEL
                0x000000000002d032                WI_drawOnLnode
                0x000000000002d0f1                WI_initAnimatedBack
                0x000000000002d1be                WI_updateAnimatedBack
                0x000000000002d2e8                WI_drawAnimatedBack
                0x000000000002d36f                WI_drawNum
                0x000000000002d450                WI_drawPercent
                0x000000000002d481                WI_drawTime
                0x000000000002d53e                WI_End
                0x000000000002d543                WI_unloadData
                0x000000000002d9b9                WI_initNoState
                0x000000000002d9d5                WI_updateNoState
                0x000000000002d9eb                WI_initShowNextLoc
                0x000000000002da0b                WI_updateShowNextLoc
                0x000000000002da5a                WI_drawShowNextLoc
                0x000000000002db2e                WI_drawNoState
                0x000000000002db3d                WI_fragSum
                0x000000000002db83                WI_initDeathmatchStats
                0x000000000002dbf6                WI_updateDeathmatchStats
                0x000000000002de2f                WI_drawDeathmatchStats
                0x000000000002e02a                WI_initNetgameStats
                0x000000000002e0d7                WI_updateNetgameStats
                0x000000000002e499                WI_drawNetgameStats
                0x000000000002e74b                WI_initStats
                0x000000000002e798                WI_updateStats
                0x000000000002eae5                WI_drawStats
                0x000000000002ec16                WI_checkForAccelerate
                0x000000000002ec86                WI_Ticker
                0x000000000002ed06                WI_loadData
                0x000000000002f239                WI_Drawer
                0x000000000002f281                WI_initVariables
                0x000000000002f2f0                WI_Start
 *fill*         0x000000000002f36d        0x3 
 .text          0x000000000002f370      0x118 build/w_checksum.o
                0x000000000002f370                W_Checksum
 .text          0x000000000002f488       0x2c build/w_file.o
                0x000000000002f488                W_OpenFile
                0x000000000002f4a5                W_CloseFile
                0x000000000002f4ab                W_Read
 .text          0x000000000002f4b4       0x8d build/w_main.o
                0x000000000002f4b4                W_ParseCommandLine
 *fill*         0x000000000002f541        0x3 
 .text          0x000000000002f544      0x73e build/w_wad.o
                0x000000000002f544                W_LumpNameHash
                0x000000000002f58e                W_AddFile
                0x000000000002f7f9                W_NumLumps
                0x000000000002f800                W_CheckNumForName
                0x000000000002f8e5                W_GetNumForName
                0x000000000002f912                W_LumpLength
                0x000000000002f940                W_ReadLump
                0x000000000002f9b9                W_CacheLumpNum
                0x000000000002fa7a                W_CacheLumpName
                0x000000000002fa8c                W_ReleaseLumpNum
                0x000000000002fae2                W_ReleaseLumpName
                0x000000000002faf0                W_GenerateHashTable
                0x000000000002fbfb                W_CheckCorrectIWAD
 *fill*         0x000000000002fc82        0x2 
 .text          0x000000000002fc84      0x66b build/z_zone.o
                0x000000000002fc84                Z_ClearZone
                0x000000000002fcbb                Z_Init
                0x000000000002fd12                Z_Free
                0x000000000002fdb5                Z_Malloc
                0x000000000002fefd                Z_FreeTags
                0x000000000002ff4e                Z_DumpHeap
                0x000000000003003d                Z_FileDumpHeap
                0x0000000000030176                Z_CheckHeap
                0x0000000000030225                Z_ChangeTag2
                0x0000000000030280                Z_ChangeUser
                0x00000000000302b0                Z_FreeMemory
                0x00000000000302e5                Z_ZoneSize
 *fill*         0x00000000000302ef        0x1 
 .text          0x00000000000302f0       0xa8 build/w_file_stdc.o
                0x00000000000302f0                W_StdC_Read
 .text          0x0000000000030398      0x120 build/i_input.o
                0x0000000000030398                I_GetEvent
                0x00000000000304b7                I_InitInput
 .text          0x00000000000304b8      0x515 build/i_video.o
                0x00000000000304b8                cmap_to_rgb565
                0x000000000003051f                cmap_to_fb
                0x0000000000030628                I_InitGraphics
                0x000000000003084a                I_ShutdownGraphics
                0x0000000000030856                I_StartFrame
                0x0000000000030857                I_StartTic
                0x000000000003085c                I_UpdateNoBlit
                0x000000000003085d                I_FinishUpdate
                0x000000000003090d                I_ReadScreen
                0x000000000003091e                I_SetPalette
                0x0000000000030974                I_GetPaletteIndex
                0x00000000000309c0                I_BeginRead
                0x00000000000309c1                I_EndRead
                0x00000000000309c2                I_SetWindowTitle
                0x00000000000309c7                I_GraphicsCheckCommandLine
                0x00000000000309c8                I_SetGrabMouseCallback
                0x00000000000309c9                I_EnableLoadingDisk
                0x00000000000309ca                I_BindVideoVariables
                0x00000000000309cb                I_DisplayFPSDots
                0x00000000000309cc                I_CheckIsScreensaver
 *fill*         0x00000000000309cd        0x3 
 .text          0x00000000000309d0       0x37 build/doomgeneric.o
                0x00000000000309d0                doomgeneric_Create
 *fill*         0x0000000000030a07        0x1 
 .text          0x0000000000030a08      0x3ac build/doomgeneric_xlib.o
                0x0000000000030a08                DG_Init
                0x0000000000030b66                DG_DrawFrame
                0x0000000000030cdb                DG_SleepMs
                0x0000000000030ce6                DG_GetTicksMs
                0x0000000000030d26                DG_GetKey
                0x0000000000030d5b                DG_SetWindowTitle
                0x0000000000030da5                main
 *(.gnu.warning)

.fini           0x0000000000030db4        0xd
 *(SORT_NONE(.fini))
 .fini          0x0000000000030db4        0x8 /lib/x86_64-linux-gnu/crti.o
                0x0000000000030db4                _fini
 .fini          0x0000000000030dbc        0x5 /lib/x86_64-linux-gnu/crtn.o
                [!provide]                        PROVIDE (__etext = .)
                [!provide]                        PROVIDE (_etext = .)
                [!provide]                        PROVIDE (etext = .)
                0x0000000000031000                . = ALIGN (CONSTANT (MAXPAGESIZE))
                0x0000000000031000                . = SEGMENT_START ("rodata-segment", (ALIGN (CONSTANT (MAXPAGESIZE)) + (. & (CONSTANT (MAXPAGESIZE) - 0x1))))

.rodata         0x0000000000031000    0x184f0
 *(.rodata .rodata.* .gnu.linkonce.r.*)
 .rodata.str1.1
                0x0000000000031000     0x6f0a build/am_map.o
                                         0x67 (size before relaxing)
 *fill*         0x0000000000037f0a        0x6 
 .rodata.cst32  0x0000000000037f10       0x20 build/am_map.o
 .rodata.cst16  0x0000000000037f30       0xe0 build/am_map.o
                                         0x10 (size before relaxing)
 .rodata.str1.1
                0x0000000000038010        0x0 build/dstrings.o
                                        0x328 (size before relaxing)
 .rodata.str1.1
                0x0000000000038010        0x0 build/d_iwad.o
                                        0x1d3 (size before relaxing)
 .rodata.str1.1
                0x0000000000038010        0x0 build/d_loop.o
                                         0x6e (size before relaxing)
 .rodata        0x0000000000038010       0xf4 build/d_main.o
 .rodata.cst16  0x0000000000038104        0x0 build/d_main.o
                                         0x10 (size before relaxing)
 .rodata.str1.1
                0x0000000000038104        0x0 build/d_main.o
                                        0x995 (size before relaxing)
 *fill*         0x0000000000038104        0xc 
 .rodata        0x0000000000038110      0x160 build/d_mode.o
 .rodata.str1.1
                0x0000000000038270        0x0 build/d_mode.o
                                         0x3c (size before relaxing)
 .rodata.cst16  0x0000000000038270        0x0 build/d_net.o
                                         0x20 (size before relaxing)
 .rodata.str1.1
                0x0000000000038270        0x0 build/d_net.o
                                        0x16d (size before relaxing)
 .rodata        0x0000000000038270       0x10 build/f_finale.o
 .rodata.str1.1
                0x0000000000038280        0x0 build/f_finale.o
                                       0x1f08 (size before relaxing)
 .rodata        0x0000000000038280       0xec build/g_game.o
 .rodata.cst16  0x000000000003836c        0x0 build/g_game.o
                                         0x30 (size before relaxing)
 .rodata.cst4   0x000000000003836c        0x8 build/g_game.o
                                          0x4 (size before relaxing)
 .rodata.str1.1
                0x0000000000038374        0x0 build/g_game.o
                                        0x369 (size before relaxing)
 .rodata        0x0000000000038374       0x10 build/hu_stuff.o
 .rodata.str1.1
                0x0000000000038384        0x0 build/hu_stuff.o
                                        0xc0f (size before relaxing)
 .rodata.str1.1
                0x0000000000038384        0x0 build/info.o
                                        0x2b2 (size before relaxing)
 .rodata.str1.1
                0x0000000000038384        0x0 build/i_joystick.o
                                         0xa7 (size before relaxing)
 .rodata.str1.1
                0x0000000000038384        0x0 build/i_sound.o
                                         0x9f (size before relaxing)
 .rodata.str1.1
                0x0000000000038384        0x0 build/i_system.o
                                        0x211 (size before relaxing)
 .rodata        0x0000000000038384       0x1e build/i_system.o
 .rodata.cst16  0x00000000000383a2        0x0 build/m_bbox.o
                                         0x10 (size before relaxing)
 *fill*         0x00000000000383a2        0xe 
 .rodata        0x00000000000383b0      0x220 build/m_config.o
 .rodata.str1.1
                0x00000000000385d0        0x0 build/m_config.o
                                        0xc1c (size before relaxing)
 .rodata.str1.1
                0x00000000000385d0        0x0 build/m_controls.o
                                        0x630 (size before relaxing)
 .rodata.str1.1
                0x00000000000385d0        0x0 build/m_menu.o
                                        0x40f (size before relaxing)
 .rodata        0x00000000000385d0       0x10 build/m_menu.o
 .rodata.str1.1
                0x00000000000385e0        0x0 build/m_misc.o
                                         0xec (size before relaxing)
 .rodata        0x00000000000385e0      0x100 build/m_random.o
 .rodata        0x00000000000386e0       0x30 build/p_ceilng.o
 .rodata        0x0000000000038710       0x50 build/p_doors.o
 .rodata.str1.1
                0x0000000000038760        0x0 build/p_doors.o
                                        0x137 (size before relaxing)
 .rodata        0x0000000000038760       0x10 build/p_enemy.o
 .rodata.str1.1
                0x0000000000038770        0x0 build/p_enemy.o
                                         0x3b (size before relaxing)
 .rodata        0x0000000000038770       0x34 build/p_floor.o
 .rodata        0x00000000000387a4       0xc4 build/p_inter.o
 .rodata.str1.1
                0x0000000000038868        0x0 build/p_inter.o
                                        0x3d7 (size before relaxing)
 .rodata.str1.1
                0x0000000000038868        0x0 build/p_map.o
                                         0x72 (size before relaxing)
 .rodata        0x0000000000038868       0x10 build/p_maputl.o
 .rodata.str1.1
                0x0000000000038878        0x0 build/p_mobj.o
                                         0x2d (size before relaxing)
 .rodata        0x0000000000038878       0x14 build/p_plats.o
 .rodata.str1.1
                0x000000000003888c        0x0 build/p_plats.o
                                         0x45 (size before relaxing)
 .rodata        0x000000000003888c       0x20 build/p_saveg.o
 .rodata.str1.1
                0x00000000000388ac        0x0 build/p_saveg.o
                                         0xe1 (size before relaxing)
 .rodata.str1.1
                0x00000000000388ac        0x0 build/p_setup.o
                                         0x5a (size before relaxing)
 .rodata.str1.1
                0x00000000000388ac        0x0 build/p_sight.o
                                         0x28 (size before relaxing)
 .rodata        0x00000000000388ac      0x2a8 build/p_spec.o
 .rodata.str1.1
                0x0000000000038b54        0x0 build/p_spec.o
                                        0x242 (size before relaxing)
 .rodata        0x0000000000038b54      0x230 build/p_switch.o
 .rodata.str1.1
                0x0000000000038d84        0x0 build/p_switch.o
                                         0x25 (size before relaxing)
 .rodata.str1.1
                0x0000000000038d84        0x0 build/r_bsp.o
                                         0x23 (size before relaxing)
 .rodata.str1.1
                0x0000000000038d84        0x0 build/r_data.o
                                        0x12e (size before relaxing)
 .rodata.str1.1
                0x0000000000038d84        0x0 build/r_draw.o
                                         0xa6 (size before relaxing)
 .rodata.str1.1
                0x0000000000038d84        0x0 build/r_plane.o
                                         0xa6 (size before relaxing)
 .rodata.str1.1
                0x0000000000038d84        0x0 build/r_segs.o
                                         0x20 (size before relaxing)
 .rodata.str1.1
                0x0000000000038d84        0x0 build/r_things.o
                                        0x1d2 (size before relaxing)
 .rodata.cst16  0x0000000000038d84        0x0 build/sha1.o
                                         0x10 (size before relaxing)
 .rodata.str1.1
                0x0000000000038d84        0x0 build/sounds.o
                                        0x191 (size before relaxing)
 .rodata.str1.1
                0x0000000000038d84        0x0 build/statdump.o
                                          0xa (size before relaxing)
 .rodata.str1.1
                0x0000000000038d84        0x0 build/st_lib.o
                                         0x5b (size before relaxing)
 .rodata.str1.1
                0x0000000000038d84        0x0 build/st_stuff.o
                                        0x1b9 (size before relaxing)
 *fill*         0x0000000000038d84        0xc 
 .rodata        0x0000000000038d90       0x24 build/s_sound.o
 .rodata.str1.1
                0x0000000000038db4        0x0 build/s_sound.o
                                         0x69 (size before relaxing)
 *fill*         0x0000000000038db4        0xc 
 .rodata        0x0000000000038dc0    0x10510 build/tables.o
                0x0000000000038dc0                finetangent
                0x000000000003cdc0                finesine
                0x0000000000046dc0                tantoangle
                0x0000000000048dd0                gammatable
 .rodata.cst4   0x00000000000492d0        0x0 build/v_video.o
                                          0x4 (size before relaxing)
 .rodata.cst16  0x00000000000492d0        0x0 build/v_video.o
                                         0x10 (size before relaxing)
 .rodata.cst8   0x00000000000492d0        0x8 build/v_video.o
 .rodata.str1.1
                0x00000000000492d8        0x0 build/v_video.o
                                        0x108 (size before relaxing)
 *fill*         0x00000000000492d8        0x8 
 .rodata        0x00000000000492e0      0x170 build/wi_stuff.o
 .rodata.str1.1
                0x0000000000049450        0x0 build/wi_stuff.o
                                        0x10b (size before relaxing)
 .rodata.str4.16
                0x0000000000049450       0x10 build/wi_stuff.o
 .rodata.str1.1
                0x0000000000049460        0x0 build/w_file.o
                                          0x6 (size before relaxing)
 .rodata.str1.1
                0x0000000000049460        0x0 build/w_main.o
                                         0x12 (size before relaxing)
 .rodata.str1.1
                0x0000000000049460        0x0 build/w_wad.o
                                        0x1d6 (size before relaxing)
 .rodata.str1.1
                0x0000000000049460        0x0 build/z_zone.o
                                        0x323 (size before relaxing)
 .rodata.str1.1
                0x0000000000049460        0x0 build/w_file_stdc.o
                                          0x3 (size before relaxing)
 .rodata        0x0000000000049460       0x80 build/i_input.o
 .rodata.cst16  0x00000000000494e0        0x0 build/i_video.o
                                         0x50 (size before relaxing)
 .rodata.str1.1
                0x00000000000494e0        0x0 build/i_video.o
                                        0x1b4 (size before relaxing)
 .rodata        0x00000000000494e0       0x10 build/doomgeneric_xlib.o

.rodata1
 *(.rodata1)

.eh_frame_hdr   0x00000000000494f0     0x1a34
 *(.eh_frame_hdr)
 .eh_frame_hdr  0x00000000000494f0     0x1a34 /lib/x86_64-linux-gnu/Scrt1.o
                0x00000000000494f0                __GNU_EH_FRAME_HDR
 *(.eh_frame_entry .eh_frame_entry.*)

.eh_frame       0x000000000004af28     0x84d8
 *(.eh_frame)
 .eh_frame      0x000000000004af28       0x30 /lib/x86_64-linux-gnu/Scrt1.o
                                         0x2c (size before relaxing)
 *fill*         0x000000000004af58        0x0 
 .eh_frame      0x000000000004af58       0x28 /lib/x86_64-linux-gnu/Scrt1.o
                                         0x40 (size before relaxing)
 .eh_frame      0x000000000004af80       0x18 /lib/x86_64-linux-gnu/Scrt1.o
                                         0x30 (size before relaxing)
 .eh_frame      0x000000000004af98        0x0 build/dummy.o
                                         0x30 (size before relaxing)
 .eh_frame      0x000000000004af98      0x5a0 build/am_map.o
                                        0x5b8 (size before relaxing)
 .eh_frame      0x000000000004b538       0x28 build/d_event.o
                                         0x40 (size before relaxing)
 .eh_frame      0x000000000004b560      0x168 build/d_iwad.o
                                        0x180 (size before relaxing)
 .eh_frame      0x000000000004b6c8      0x140 build/d_loop.o
                                        0x158 (size before relaxing)
 .eh_frame      0x000000000004b808      0x280 build/d_main.o
                                        0x298 (size before relaxing)
 .eh_frame      0x000000000004ba88       0x90 build/d_mode.o
                                         0xa8 (size before relaxing)
 .eh_frame      0x000000000004bb18       0xb8 build/d_net.o
                                         0xd0 (size before relaxing)
 .eh_frame      0x000000000004bbd0      0x1e8 build/f_finale.o
                                        0x200 (size before relaxing)
 .eh_frame      0x000000000004bdb8      0x1a8 build/f_wipe.o
                                        0x1c0 (size before relaxing)
 .eh_frame      0x000000000004bf60      0x5e8 build/g_game.o
                                        0x600 (size before relaxing)
 .eh_frame      0x000000000004c548      0x278 build/hu_lib.o
                                        0x290 (size before relaxing)
 .eh_frame      0x000000000004c7c0      0x180 build/hu_stuff.o
                                        0x198 (size before relaxing)
 .eh_frame      0x000000000004c940        0x0 build/i_cdmus.o
                                         0xd0 (size before relaxing)
 .eh_frame      0x000000000004c940       0x18 build/i_endoom.o
                                         0x30 (size before relaxing)
 .eh_frame      0x000000000004c958       0x78 build/i_joystick.o
                                         0x90 (size before relaxing)
 .eh_frame      0x000000000004c9d0        0x0 build/i_scale.o
                                        0x3f0 (size before relaxing)
 .eh_frame      0x000000000004c9d0      0x198 build/i_sound.o
                                        0x1b0 (size before relaxing)
 .eh_frame      0x000000000004cb68      0x188 build/i_system.o
                                        0x1a0 (size before relaxing)
 .eh_frame      0x000000000004ccf0       0x80 build/i_timer.o
                                         0x98 (size before relaxing)
 .eh_frame      0x000000000004cd70        0x0 build/memio.o
                                        0x128 (size before relaxing)
 .eh_frame      0x000000000004cd70       0x98 build/m_argv.o
                                         0xb0 (size before relaxing)
 .eh_frame      0x000000000004ce08       0x28 build/m_bbox.o
                                         0x40 (size before relaxing)
 .eh_frame      0x000000000004ce30       0x50 build/m_cheat.o
                                         0x68 (size before relaxing)
 .eh_frame      0x000000000004ce80      0x190 build/m_config.o
                                        0x1a8 (size before relaxing)
 .eh_frame      0x000000000004d010      0x130 build/m_controls.o
                                        0x148 (size before relaxing)
 .eh_frame      0x000000000004d140       0x28 build/m_fixed.o
                                         0x40 (size before relaxing)
 .eh_frame      0x000000000004d168      0x6a0 build/m_menu.o
                                        0x6b8 (size before relaxing)
 .eh_frame      0x000000000004d808      0x388 build/m_misc.o
                                        0x3a0 (size before relaxing)
 .eh_frame      0x000000000004db90       0x40 build/m_random.o
                                         0x58 (size before relaxing)
 .eh_frame      0x000000000004dbd0       0xf0 build/p_ceilng.o
                                        0x108 (size before relaxing)
 .eh_frame      0x000000000004dcc0      0x120 build/p_doors.o
                                        0x138 (size before relaxing)
 .eh_frame      0x000000000004dde0      0xa08 build/p_enemy.o
                                        0xa20 (size before relaxing)
 .eh_frame      0x000000000004e7e8      0x110 build/p_floor.o
                                        0x128 (size before relaxing)
 .eh_frame      0x000000000004e8f8      0x188 build/p_inter.o
                                        0x1a0 (size before relaxing)
 .eh_frame      0x000000000004ea80      0x1d0 build/p_lights.o
                                        0x1e8 (size before relaxing)
 .eh_frame      0x000000000004ec50      0x430 build/p_map.o
                                        0x448 (size before relaxing)
 .eh_frame      0x000000000004f080      0x310 build/p_maputl.o
                                        0x328 (size before relaxing)
 .eh_frame      0x000000000004f390      0x3e0 build/p_mobj.o
                                        0x3f8 (size before relaxing)
 .eh_frame      0x000000000004f770      0x100 build/p_plats.o
                                        0x118 (size before relaxing)
 .eh_frame      0x000000000004f870      0x440 build/p_pspr.o
                                        0x458 (size before relaxing)
 .eh_frame      0x000000000004fcb0      0x438 build/p_saveg.o
                                        0x450 (size before relaxing)
 .eh_frame      0x00000000000500e8      0x290 build/p_setup.o
                                        0x2a8 (size before relaxing)
 .eh_frame      0x0000000000050378      0x110 build/p_sight.o
                                        0x128 (size before relaxing)
 .eh_frame      0x0000000000050488      0x2e0 build/p_spec.o
                                        0x2f8 (size before relaxing)
 .eh_frame      0x0000000000050768       0xd8 build/p_switch.o
                                         0xf0 (size before relaxing)
 .eh_frame      0x0000000000050840       0x40 build/p_telept.o
                                         0x58 (size before relaxing)
 .eh_frame      0x0000000000050880       0xa8 build/p_tick.o
                                         0xc0 (size before relaxing)
 .eh_frame      0x0000000000050928       0xc0 build/p_user.o
                                         0xd8 (size before relaxing)
 .eh_frame      0x00000000000509e8      0x190 build/r_bsp.o
                                        0x1a8 (size before relaxing)
 .eh_frame      0x0000000000050b78      0x278 build/r_data.o
                                        0x290 (size before relaxing)
 .eh_frame      0x0000000000050df0      0x1f0 build/r_draw.o
                                        0x208 (size before relaxing)
 .eh_frame      0x0000000000050fe0      0x268 build/r_main.o
                                        0x280 (size before relaxing)
 .eh_frame      0x0000000000051248      0x178 build/r_plane.o
                                        0x190 (size before relaxing)
 .eh_frame      0x00000000000513c0       0xf0 build/r_segs.o
                                        0x108 (size before relaxing)
 .eh_frame      0x00000000000514b0       0x18 build/r_sky.o
                                         0x30 (size before relaxing)
 .eh_frame      0x00000000000514c8      0x2e8 build/r_things.o
                                        0x300 (size before relaxing)
 .eh_frame      0x00000000000517b0      0x108 build/sha1.o
                                        0x120 (size before relaxing)
 .eh_frame      0x00000000000518b8       0x30 build/statdump.o
                                         0x48 (size before relaxing)
 .eh_frame      0x00000000000518e8      0x190 build/st_lib.o
                                        0x1a8 (size before relaxing)
 .eh_frame      0x0000000000051a78      0x2e0 build/st_stuff.o
                                        0x2f8 (size before relaxing)
 .eh_frame      0x0000000000051d58      0x248 build/s_sound.o
                                        0x260 (size before relaxing)
 .eh_frame      0x0000000000051fa0       0x18 build/tables.o
                                         0x30 (size before relaxing)
 .eh_frame      0x0000000000051fb8      0x408 build/v_video.o
                                        0x420 (size before relaxing)
 .eh_frame      0x00000000000523c0      0x670 build/wi_stuff.o
                                        0x688 (size before relaxing)
 .eh_frame      0x0000000000052a30       0x50 build/w_checksum.o
                                         0x68 (size before relaxing)
 .eh_frame      0x0000000000052a80       0x48 build/w_file.o
                                         0x60 (size before relaxing)
 .eh_frame      0x0000000000052ac8       0x48 build/w_main.o
                                         0x60 (size before relaxing)
 .eh_frame      0x0000000000052b10      0x270 build/w_wad.o
                                        0x288 (size before relaxing)
 .eh_frame      0x0000000000052d80      0x220 build/z_zone.o
                                        0x238 (size before relaxing)
 .eh_frame      0x0000000000052fa0       0x70 build/w_file_stdc.o
                                         0x88 (size before relaxing)
 .eh_frame      0x0000000000053010       0x60 build/i_input.o
                                         0x78 (size before relaxing)
 .eh_frame      0x0000000000053070      0x238 build/i_video.o
                                        0x250 (size before relaxing)
 .eh_frame      0x00000000000532a8       0x18 build/doomgeneric.o
                                         0x30 (size before relaxing)
 .eh_frame      0x00000000000532c0      0x13c build/doomgeneric_xlib.o
                                        0x158 (size before relaxing)
 .eh_frame      0x00000000000533fc        0x4 /usr/lib/gcc/x86_64-linux-gnu/15/crtendS.o
 *(.eh_frame.*)

.sframe
 *(.sframe)
 *(.sframe.*)

.gcc_except_table
 *(.gcc_except_table .gcc_except_table.*)

.gnu_extab
 *(.gnu_extab*)

.exception_ranges
 *(.exception_ranges*)

.note.build-id
 *(.note.build-id)

.note.GNU-stack
                0x0000000000053400        0x0
 *(.note.GNU-stack)
 .note.GNU-stack
                0x0000000000053400        0x0 /lib/x86_64-linux-gnu/Scrt1.o
 .note.GNU-stack
                0x0000000000053400        0x0 /lib/x86_64-linux-gnu/crti.o
 .note.GNU-stack
                0x0000000000053400        0x0 /usr/lib/gcc/x86_64-linux-gnu/15/crtbeginS.o
 .note.GNU-stack
                0x0000000000053400        0x0 build/dummy.o
 .note.GNU-stack
                0x0000000000053400        0x0 build/am_map.o
 .note.GNU-stack
                0x0000000000053400        0x0 build/doomstat.o
 .note.GNU-stack
                0x0000000000053400        0x0 build/dstrings.o
 .note.GNU-stack
                0x0000000000053400        0x0 build/d_event.o
 .note.GNU-stack
                0x0000000000053400        0x0 build/d_items.o
 .note.GNU-stack
                0x0000000000053400        0x0 build/d_iwad.o
 .note.GNU-stack
                0x0000000000053400        0x0 build/d_loop.o
 .note.GNU-stack
                0x0000000000053400        0x0 build/d_main.o
 .note.GNU-stack
                0x0000000000053400        0x0 build/d_mode.o
 .note.GNU-stack
                0x0000000000053400        0x0 build/d_net.o
 .note.GNU-stack
                0x0000000000053400        0x0 build/f_finale.o
 .note.GNU-stack
                0x0000000000053400        0x0 build/f_wipe.o
 .note.GNU-stack
                0x0000000000053400        0x0 build/g_game.o
 .note.GNU-stack
                0x0000000000053400        0x0 build/hu_lib.o
 .note.GNU-stack
                0x0000000000053400        0x0 build/hu_stuff.o
 .note.GNU-stack
                0x0000000000053400        0x0 build/info.o
 .note.GNU-stack
                0x0000000000053400        0x0 build/i_cdmus.o
 .note.GNU-stack